
Memory Configuration

Name             Origin             Length             Attributes
bram             0x00000000         0x00001000
*default*        0x00000000         0xffffffff

Linker script and memory map

                0x00000000                __DYNAMIC = 0x0
                0x00000000                _BRAM_START = 0x0
                0x00001000                _BRAM_SIZE = 0x1000
                0x00001000                _BRAM_END = (_BRAM_START + _BRAM_SIZE)

.text           0x00000000      0x41c
                0x00000000                _ftext = .
 *(.text .stub .text.* .gnu.linkonce.t.*)
 .text          0x00000000       0x8c crt0ram.o
                0x00000000                _start
                0x00000060                irq_enable
                0x0000006c                irq_mask
                0x00000078                irq_disable
                0x00000084                jump
                0x00000088                halt
 .text          0x0000008c      0x124 main.o
                0x0000008c                hexprint
                0x00000124                main
 .text          0x000001b0       0xd8 soc-hw.o
                0x000001b0                sleep
                0x000001e4                tic_init
                0x00000208                uart_init
                0x0000020c                uart_getchar
                0x00000230                uart_putchar
                0x00000254                uart_putstr
 .text          0x00000288      0x194 xmodem.o
                0x00000288                crc16_ccitt
                0x000002d4                rxmodem
                0x0000041c                _etext = .

.rodata         0x0000041c      0x248
                0x0000041c                . = ALIGN (0x4)
                0x0000041c                _frodata = .
 *(.rodata .rodata.* .gnu.linkonce.r.*)
 .rodata.str1.4
                0x0000041c       0x48 main.o
 .rodata        0x00000464      0x200 xmodem.o
 *(.rodata1)
                0x00000664                _erodata = .

.data           0x00000664        0xc
                0x00000664                . = ALIGN (0x4)
                0x00000664                _fdata = .
 *(.data .data.* .gnu.linkonce.d.*)
 .data          0x00000664        0x0 crt0ram.o
 .data          0x00000664        0x0 main.o
 .data          0x00000664        0xc soc-hw.o
                0x00000664                uart0
                0x00000668                timer0
                0x0000066c                gpio0
 .data          0x00000670        0x0 xmodem.o
 *(.data1)
                0x00000670                _gp = ALIGN (0x10)
 *(.sdata .sdata.* .gnu.linkonce.s.*)
                0x00000670                _edata = .

.bss            0x00000670        0x4
                0x00000670                . = ALIGN (0x4)
                0x00000670                _fbss = .
 *(.dynsbss)
 *(.sbss .sbss.* .gnu.linkonce.sb.*)
 *(.scommon)
 *(.dynbss)
 *(.bss .bss.* .gnu.linkonce.b.*)
 .bss           0x00000670        0x0 crt0ram.o
 .bss           0x00000670        0x0 main.o
 .bss           0x00000670        0x4 soc-hw.o
                0x00000670                msec
 .bss           0x00000674        0x0 xmodem.o
 *(COMMON)
                0x00000674                _ebss = .
                0x00000674                _end = .
                0x00000ffc                PROVIDE (_fstack, ((ORIGIN (bram) + 0x1000) - 0x4))
LOAD crt0ram.o
LOAD main.o
LOAD soc-hw.o
LOAD xmodem.o
OUTPUT(image elf32-lm32)

.debug_abbrev   0x00000000      0x378
 .debug_abbrev  0x00000000       0xf9 main.o
 .debug_abbrev  0x000000f9      0x14e soc-hw.o
 .debug_abbrev  0x00000247      0x131 xmodem.o

.debug_info     0x00000000      0x62c
 .debug_info    0x00000000      0x18b main.o
 .debug_info    0x0000018b      0x2d1 soc-hw.o
 .debug_info    0x0000045c      0x1d0 xmodem.o

.debug_line     0x00000000      0x42e
 .debug_line    0x00000000      0x12c main.o
 .debug_line    0x0000012c      0x12c soc-hw.o
 .debug_line    0x00000258      0x1d6 xmodem.o

.debug_frame    0x00000000       0xd0
 .debug_frame   0x00000000       0x30 main.o
 .debug_frame   0x00000030       0x70 soc-hw.o
 .debug_frame   0x000000a0       0x30 xmodem.o

.debug_loc      0x00000000      0x3a4
 .debug_loc     0x00000000      0x143 main.o
 .debug_loc     0x00000143       0x57 soc-hw.o
 .debug_loc     0x0000019a      0x20a xmodem.o

.debug_pubnames
                0x00000000       0xe7
 .debug_pubnames
                0x00000000       0x28 main.o
 .debug_pubnames
                0x00000028       0x91 soc-hw.o
 .debug_pubnames
                0x000000b9       0x2e xmodem.o

.debug_pubtypes
                0x00000000       0x7c
 .debug_pubtypes
                0x00000000       0x29 main.o
 .debug_pubtypes
                0x00000029       0x41 soc-hw.o
 .debug_pubtypes
                0x0000006a       0x12 xmodem.o

.debug_aranges  0x00000000       0x60
 .debug_aranges
                0x00000000       0x20 main.o
 .debug_aranges
                0x00000020       0x20 soc-hw.o
 .debug_aranges
                0x00000040       0x20 xmodem.o

.debug_str      0x00000000      0x1d5
 .debug_str     0x00000000       0xbc main.o
                                 0xe1 (size before relaxing)
 .debug_str     0x000000bc       0xcc soc-hw.o
                                0x158 (size before relaxing)
 .debug_str     0x00000188       0x4d xmodem.o
                                 0xdc (size before relaxing)

.comment        0x00000000       0x27
 .comment       0x00000000       0x27 main.o
                                 0x28 (size before relaxing)
 .comment       0x00000000       0x28 soc-hw.o
 .comment       0x00000000       0x28 xmodem.o

.debug_ranges   0x00000000       0x50
 .debug_ranges  0x00000000       0x50 xmodem.o
