
Memory Configuration

Name             Origin             Length             Attributes
bram             0x00000000         0x00001000
*default*        0x00000000         0xffffffff

Linker script and memory map

                0x00000000                __DYNAMIC = 0x0
                0x00000000                _BRAM_START = 0x0
                0x00001000                _BRAM_SIZE = 0x1000
                0x00001000                _BRAM_END = (_BRAM_START + _BRAM_SIZE)

.text           0x00000000      0x1dc
                0x00000000                _ftext = .
 *(.text .stub .text.* .gnu.linkonce.t.*)
 .text          0x00000000       0x8c crt0ram.o
                0x00000000                _start
                0x00000060                irq_enable
                0x0000006c                irq_mask
                0x00000078                irq_disable
                0x00000084                jump
                0x00000088                halt
 .text          0x0000008c       0x78 main.o
                0x0000008c                main
 .text          0x00000104       0xd8 soc-hw.o
                0x00000104                sleep
                0x00000138                tic_init
                0x0000015c                uart_init
                0x00000160                uart_getchar
                0x00000184                uart_putchar
                0x000001a8                uart_putstr
                0x000001dc                _etext = .

.rodata         0x000001dc       0x4c
                0x000001dc                . = ALIGN (0x4)
                0x000001dc                _frodata = .
 *(.rodata .rodata.* .gnu.linkonce.r.*)
 .rodata.str1.4
                0x000001dc       0x4c main.o
 *(.rodata1)
                0x00000228                _erodata = .

.data           0x00000228        0xc
                0x00000228                . = ALIGN (0x4)
                0x00000228                _fdata = .
 *(.data .data.* .gnu.linkonce.d.*)
 .data          0x00000228        0x0 crt0ram.o
 .data          0x00000228        0x0 main.o
 .data          0x00000228        0xc soc-hw.o
                0x00000228                uart0
                0x0000022c                timer0
                0x00000230                gpio0
 *(.data1)
                0x00000240                _gp = ALIGN (0x10)
 *(.sdata .sdata.* .gnu.linkonce.s.*)
                0x00000234                _edata = .

.bss            0x00000234        0x4
                0x00000234                . = ALIGN (0x4)
                0x00000234                _fbss = .
 *(.dynsbss)
 *(.sbss .sbss.* .gnu.linkonce.sb.*)
 *(.scommon)
 *(.dynbss)
 *(.bss .bss.* .gnu.linkonce.b.*)
 .bss           0x00000234        0x0 crt0ram.o
 .bss           0x00000234        0x0 main.o
 .bss           0x00000234        0x4 soc-hw.o
                0x00000234                msec
 *(COMMON)
                0x00000238                _ebss = .
                0x00000238                _end = .
                0x00000ffc                PROVIDE (_fstack, ((ORIGIN (bram) + 0x1000) - 0x4))
LOAD crt0ram.o
LOAD main.o
LOAD soc-hw.o
OUTPUT(image elf32-lm32)

.debug_abbrev   0x00000000      0x1e8
 .debug_abbrev  0x00000000       0x9a main.o
 .debug_abbrev  0x0000009a      0x14e soc-hw.o

.debug_info     0x00000000      0x3c5
 .debug_info    0x00000000       0xf4 main.o
 .debug_info    0x000000f4      0x2d1 soc-hw.o

.debug_line     0x00000000      0x1ce
 .debug_line    0x00000000       0xa2 main.o
 .debug_line    0x000000a2      0x12c soc-hw.o

.debug_frame    0x00000000       0x90
 .debug_frame   0x00000000       0x20 main.o
 .debug_frame   0x00000020       0x70 soc-hw.o

.debug_loc      0x00000000       0xec
 .debug_loc     0x00000000       0x95 main.o
 .debug_loc     0x00000095       0x57 soc-hw.o

.debug_pubnames
                0x00000000       0xac
 .debug_pubnames
                0x00000000       0x1b main.o
 .debug_pubnames
                0x0000001b       0x91 soc-hw.o

.debug_pubtypes
                0x00000000       0x6c
 .debug_pubtypes
                0x00000000       0x2b main.o
 .debug_pubtypes
                0x0000002b       0x41 soc-hw.o

.debug_aranges  0x00000000       0x40
 .debug_aranges
                0x00000000       0x20 main.o
 .debug_aranges
                0x00000020       0x20 soc-hw.o

.debug_str      0x00000000      0x174
 .debug_str     0x00000000       0xb1 main.o
                                 0xc2 (size before relaxing)
 .debug_str     0x000000b1       0xc3 soc-hw.o
                                0x154 (size before relaxing)

.comment        0x00000000       0x27
 .comment       0x00000000       0x27 main.o
                                 0x28 (size before relaxing)
 .comment       0x00000000       0x28 soc-hw.o
