
Memory Configuration

Name             Origin             Length             Attributes
bram             0x0000000000000000 0x0000000000001000
*default*        0x0000000000000000 0xffffffffffffffff

Linker script and memory map

                0x0000000000000000                __DYNAMIC = 0x0
                0x0000000000000000                _BRAM_START = 0x0
                0x0000000000001000                _BRAM_SIZE = 0x1000
                0x0000000000001000                _BRAM_END = (_BRAM_START + _BRAM_SIZE)

.text           0x0000000000000000     0x130c
                0x0000000000000000                _ftext = .
 *(.text .stub .text.* .gnu.linkonce.t.*)
 .text          0x0000000000000000       0x8c crt0ram.o
                0x0000000000000000                _start
                0x0000000000000060                irq_enable
                0x000000000000006c                irq_mask
                0x0000000000000078                irq_disable
                0x0000000000000084                jump
                0x0000000000000088                halt
 .text          0x000000000000008c      0x39c main.o
                0x000000000000008c                main
 .text          0x0000000000000428      0xee4 soc-hw.o
                0x0000000000000428                Cancion_Select
                0x0000000000000450                Nivel_Select
                0x0000000000000478                Led_Select
                0x000000000000049c                Select_OV
                0x00000000000004c4                t
                0x00000000000004d8                lcd_iniciar
                0x0000000000000544                lcd_linea2
                0x0000000000000578                titulo1
                0x0000000000000600                song
                0x00000000000006c4                song1
                0x0000000000000720                song2
                0x000000000000077c                song3
                0x00000000000007d8                song4
                0x0000000000000834                song5
                0x0000000000000890                elige
                0x000000000000092c                normal
                0x0000000000000988                experto
                0x00000000000009e4                escuchar
                0x0000000000000a78                preparado
                0x0000000000000b0c                adelante
                0x0000000000000bac                again
                0x0000000000000c60                si
                0x0000000000000cd4                no
                0x0000000000000d48                Vis_LCD
                0x000000000000130c                _etext = .

.rodata         0x000000000000130c      0x20c
                0x000000000000130c                . = ALIGN (0x4)
                0x000000000000130c                _frodata = .
 *(.rodata .rodata.* .gnu.linkonce.r.*)
 .rodata        0x000000000000130c       0x50 main.o
 .rodata        0x000000000000135c      0x1bc soc-hw.o
 *(.rodata1)
                0x0000000000001518                _erodata = .

.data           0x0000000000001518        0x8
                0x0000000000001518                . = ALIGN (0x4)
                0x0000000000001518                _fdata = .
 *(.data .data.* .gnu.linkonce.d.*)
 .data          0x0000000000001518        0x0 crt0ram.o
 .data          0x0000000000001518        0x0 main.o
 .data          0x0000000000001518        0x8 soc-hw.o
                0x0000000000001518                perifericos0
                0x000000000000151c                timer0
 *(.data1)
                0x0000000000001520                _gp = ALIGN (0x10)
 *(.sdata .sdata.* .gnu.linkonce.s.*)
                0x0000000000001520                _edata = .

.bss            0x0000000000001520        0x0
                0x0000000000001520                . = ALIGN (0x4)
                0x0000000000001520                _fbss = .
 *(.dynsbss)
 *(.sbss .sbss.* .gnu.linkonce.sb.*)
 *(.scommon)
 *(.dynbss)
 *(.bss .bss.* .gnu.linkonce.b.*)
 .bss           0x0000000000001520        0x0 crt0ram.o
 .bss           0x0000000000001520        0x0 main.o
 .bss           0x0000000000001520        0x0 soc-hw.o
 *(COMMON)
                0x0000000000001520                _ebss = .
                0x0000000000001520                _end = .
                0x0000000000000ffc                PROVIDE (_fstack, ((ORIGIN (bram) + 0x1000) - 0x4))
LOAD crt0ram.o
LOAD main.o
LOAD soc-hw.o
OUTPUT(image elf32-lm32)

.debug_abbrev   0x0000000000000000      0x230
 .debug_abbrev  0x0000000000000000       0xc6 main.o
 .debug_abbrev  0x00000000000000c6      0x16a soc-hw.o

.debug_info     0x0000000000000000      0x8b4
 .debug_info    0x0000000000000000      0x212 main.o
 .debug_info    0x0000000000000212      0x6a2 soc-hw.o

.debug_line     0x0000000000000000     0x1277
 .debug_line    0x0000000000000000      0x51e main.o
 .debug_line    0x000000000000051e      0xd59 soc-hw.o

.debug_frame    0x0000000000000000      0x1b0
 .debug_frame   0x0000000000000000       0x20 main.o
 .debug_frame   0x0000000000000020      0x190 soc-hw.o

.debug_pubnames
                0x0000000000000000      0x163
 .debug_pubnames
                0x0000000000000000       0x1b main.o
 .debug_pubnames
                0x000000000000001b      0x148 soc-hw.o

.debug_pubtypes
                0x0000000000000000       0x7a
 .debug_pubtypes
                0x0000000000000000       0x31 main.o
 .debug_pubtypes
                0x0000000000000031       0x49 soc-hw.o

.debug_aranges  0x0000000000000000       0x40
 .debug_aranges
                0x0000000000000000       0x20 main.o
 .debug_aranges
                0x0000000000000020       0x20 soc-hw.o

.debug_ranges   0x0000000000000000       0x18
 .debug_ranges  0x0000000000000000       0x18 main.o

.debug_str      0x0000000000000000      0x281
 .debug_str     0x0000000000000000      0x122 main.o
                                        0x136 (size before relaxing)
 .debug_str     0x0000000000000122      0x15f soc-hw.o
                                        0x276 (size before relaxing)

.comment        0x0000000000000000       0x27
 .comment       0x0000000000000000       0x27 main.o
                                         0x28 (size before relaxing)
 .comment       0x0000000000000000       0x28 soc-hw.o

.debug_loc      0x0000000000000000      0x87b
 .debug_loc     0x0000000000000000      0x87b soc-hw.o
