
Memory Configuration

Name             Origin             Length             Attributes
bram             0x0000000000000000 0x0000000000001000
*default*        0x0000000000000000 0xffffffffffffffff

Linker script and memory map

                0x0000000000000000                __DYNAMIC = 0x0
                0x0000000000000000                _BRAM_START = 0x0
                0x0000000000001000                _BRAM_SIZE = 0x1000
                0x0000000000001000                _BRAM_END = (_BRAM_START + _BRAM_SIZE)

.text           0x0000000000000000      0x340
                0x0000000000000000                _ftext = .
 *(.text .stub .text.* .gnu.linkonce.t.*)
 .text          0x0000000000000000       0x8c crt0ram.o
                0x0000000000000000                _start
                0x0000000000000060                irq_enable
                0x000000000000006c                irq_mask
                0x0000000000000078                irq_disable
                0x0000000000000084                jump
                0x0000000000000088                halt
 .text          0x000000000000008c       0xf8 main.o
                0x000000000000008c                main
 .text          0x0000000000000184      0x1bc soc-hw.o
                0x0000000000000184                t
                0x0000000000000198                lcd_iniciar
                0x00000000000001f0                titulo
                0x0000000000000284                espacio1
                0x00000000000002b8                titulo1
                0x0000000000000340                _etext = .

.rodata         0x0000000000000340       0x40
                0x0000000000000340                . = ALIGN (0x4)
                0x0000000000000340                _frodata = .
 *(.rodata .rodata.* .gnu.linkonce.r.*)
 .rodata        0x0000000000000340       0x40 soc-hw.o
 *(.rodata1)
                0x0000000000000380                _erodata = .

.data           0x0000000000000380        0x4
                0x0000000000000380                . = ALIGN (0x4)
                0x0000000000000380                _fdata = .
 *(.data .data.* .gnu.linkonce.d.*)
 .data          0x0000000000000380        0x0 crt0ram.o
 .data          0x0000000000000380        0x0 main.o
 .data          0x0000000000000380        0x4 soc-hw.o
                0x0000000000000380                timer0
 *(.data1)
                0x0000000000000390                _gp = ALIGN (0x10)
 *(.sdata .sdata.* .gnu.linkonce.s.*)
                0x0000000000000384                _edata = .

.bss            0x0000000000000384        0x4
                0x0000000000000384                . = ALIGN (0x4)
                0x0000000000000384                _fbss = .
 *(.dynsbss)
 *(.sbss .sbss.* .gnu.linkonce.sb.*)
 *(.scommon)
 *(.dynbss)
 *(.bss .bss.* .gnu.linkonce.b.*)
 .bss           0x0000000000000384        0x0 crt0ram.o
 .bss           0x0000000000000384        0x0 main.o
 .bss           0x0000000000000384        0x4 soc-hw.o
                0x0000000000000384                msec
 *(COMMON)
                0x0000000000000388                _ebss = .
                0x0000000000000388                _end = .
                0x0000000000000ffc                PROVIDE (_fstack, ((ORIGIN (bram) + 0x1000) - 0x4))
LOAD crt0ram.o
LOAD main.o
LOAD soc-hw.o
OUTPUT(image elf32-lm32)

.debug_abbrev   0x0000000000000000      0x148
 .debug_abbrev  0x0000000000000000       0x6a main.o
 .debug_abbrev  0x000000000000006a       0xde soc-hw.o

.debug_info     0x0000000000000000      0x26a
 .debug_info    0x0000000000000000       0x90 main.o
 .debug_info    0x0000000000000090      0x1da soc-hw.o

.debug_line     0x0000000000000000      0x314
 .debug_line    0x0000000000000000      0x168 main.o
 .debug_line    0x0000000000000168      0x1ac soc-hw.o

.debug_frame    0x0000000000000000       0x80
 .debug_frame   0x0000000000000000       0x20 main.o
 .debug_frame   0x0000000000000020       0x60 soc-hw.o

.debug_loc      0x0000000000000000      0x1d3
 .debug_loc     0x0000000000000000      0x157 main.o
 .debug_loc     0x0000000000000157       0x7c soc-hw.o

.debug_pubnames
                0x0000000000000000       0x7b
 .debug_pubnames
                0x0000000000000000       0x1b main.o
 .debug_pubnames
                0x000000000000001b       0x60 soc-hw.o

.debug_pubtypes
                0x0000000000000000       0x4a
 .debug_pubtypes
                0x0000000000000000       0x1f main.o
 .debug_pubtypes
                0x000000000000001f       0x2b soc-hw.o

.debug_aranges  0x0000000000000000       0x40
 .debug_aranges
                0x0000000000000000       0x20 main.o
 .debug_aranges
                0x0000000000000020       0x20 soc-hw.o

.debug_str      0x0000000000000000      0x11c
 .debug_str     0x0000000000000000       0x90 main.o
                                         0x9c (size before relaxing)
 .debug_str     0x0000000000000090       0x8c soc-hw.o
                                        0x110 (size before relaxing)

.comment        0x0000000000000000       0x27
 .comment       0x0000000000000000       0x27 main.o
                                         0x28 (size before relaxing)
 .comment       0x0000000000000000       0x28 soc-hw.o
