
Memory Configuration

Name             Origin             Length             Attributes
bram             0x00000000         0x00001000
*default*        0x00000000         0xffffffff

Linker script and memory map

                0x00000000                __DYNAMIC = 0x0
                0x00000000                _BRAM_START = 0x0
                0x00001000                _BRAM_SIZE = 0x1000
                0x00001000                _BRAM_END = (_BRAM_START + _BRAM_SIZE)

.text           0x00000000      0x168
                0x00000000                _ftext = .
 *(.text .stub .text.* .gnu.linkonce.t.*)
 .text          0x00000000       0x8c crt0ram.o
                0x00000000                _start
                0x00000060                irq_enable
                0x0000006c                irq_mask
                0x00000078                irq_disable
                0x00000084                jump
                0x00000088                halt
 .text          0x0000008c        0x4 main.o
                0x0000008c                main
 .text          0x00000090       0xd8 soc-hw.o
                0x00000090                sleep
                0x000000c4                tic_init
                0x000000e8                uart_init
                0x000000ec                uart_getchar
                0x00000110                uart_putchar
                0x00000134                uart_putstr
                0x00000168                _etext = .

.rodata         0x00000168        0x0
                0x00000168                . = ALIGN (0x4)
                0x00000168                _frodata = .
 *(.rodata .rodata.* .gnu.linkonce.r.*)
 *(.rodata1)
                0x00000168                _erodata = .

.data           0x00000168        0xc
                0x00000168                . = ALIGN (0x4)
                0x00000168                _fdata = .
 *(.data .data.* .gnu.linkonce.d.*)
 .data          0x00000168        0x0 crt0ram.o
 .data          0x00000168        0x0 main.o
 .data          0x00000168        0xc soc-hw.o
                0x00000168                uart0
                0x0000016c                timer0
                0x00000170                gpio0
 *(.data1)
                0x00000180                _gp = ALIGN (0x10)
 *(.sdata .sdata.* .gnu.linkonce.s.*)
                0x00000174                _edata = .

.bss            0x00000174        0x4
                0x00000174                . = ALIGN (0x4)
                0x00000174                _fbss = .
 *(.dynsbss)
 *(.sbss .sbss.* .gnu.linkonce.sb.*)
 *(.scommon)
 *(.dynbss)
 *(.bss .bss.* .gnu.linkonce.b.*)
 .bss           0x00000174        0x0 crt0ram.o
 .bss           0x00000174        0x0 main.o
 .bss           0x00000174        0x4 soc-hw.o
                0x00000174                msec
 *(COMMON)
                0x00000178                _ebss = .
                0x00000178                _end = .
                0x00000ffc                PROVIDE (_fstack, ((ORIGIN (bram) + 0x1000) - 0x4))
LOAD crt0ram.o
LOAD main.o
LOAD soc-hw.o
OUTPUT(image elf32-lm32)

.debug_abbrev   0x00000000      0x1d6
 .debug_abbrev  0x00000000       0x88 main.o
 .debug_abbrev  0x00000088      0x14e soc-hw.o

.debug_info     0x00000000      0x369
 .debug_info    0x00000000       0x98 main.o
 .debug_info    0x00000098      0x2d1 soc-hw.o

.debug_line     0x00000000      0x16a
 .debug_line    0x00000000       0x3e main.o
 .debug_line    0x0000003e      0x12c soc-hw.o

.debug_frame    0x00000000       0x90
 .debug_frame   0x00000000       0x20 main.o
 .debug_frame   0x00000020       0x70 soc-hw.o

.debug_loc      0x00000000       0x6a
 .debug_loc     0x00000000       0x13 main.o
 .debug_loc     0x00000013       0x57 soc-hw.o

.debug_pubnames
                0x00000000       0xac
 .debug_pubnames
                0x00000000       0x1b main.o
 .debug_pubnames
                0x0000001b       0x91 soc-hw.o

.debug_aranges  0x00000000       0x40
 .debug_aranges
                0x00000000       0x20 main.o
 .debug_aranges
                0x00000020       0x20 soc-hw.o

.debug_str      0x00000000      0x15a
 .debug_str     0x00000000       0x73 main.o
                                 0x78 (size before relaxing)
 .debug_str     0x00000073       0xe7 soc-hw.o
                                0x155 (size before relaxing)

.comment        0x00000000       0x27
 .comment       0x00000000       0x27 main.o
                                 0x28 (size before relaxing)
 .comment       0x00000000       0x28 soc-hw.o

.debug_pubtypes
                0x00000000       0x41
 .debug_pubtypes
                0x00000000       0x41 soc-hw.o
